// Jest Snapshot v1, https://goo.gl/fbAQLP

exports[`it returns all items with matching Id 1`] = `
Array [
  Object {
    "Id": "1",
    "ItemName": "Razors",
    "Stock": "10",
  },
]
`;
